[    0.000000] Initializing cgroup subsys cpuset
[    0.000000] Initializing cgroup subsys cpu
[    0.000000] Initializing cgroup subsys cpuacct
[    0.000000] Linux version 4.4.0-75-generic (buildd@lgw01-21) (gcc version 5.4.0 20160609 (Ubuntu 5.4.0-6ubuntu1~16.04.4) ) #96-Ubuntu SMP Thu Apr 20 09:56:33 UTC 2017 (Ubuntu 4.4.0-75.96-generic 4.4.59)
[    0.000000] Command line: BOOT_IMAGE=/boot/vmlinuz-4.4.0-75-generic root=LABEL=cloudimg-rootfs ro console=tty1 console=ttyS0
[    0.000000] KERNEL supported cpus:
[    0.000000]   Intel GenuineIntel
[    0.000000]   AMD AuthenticAMD
[    0.000000]   Centaur CentaurHauls
[    0.000000] x86/fpu: xstate_offset[2]:  576, xstate_sizes[2]:  256
[    0.000000] x86/fpu: Supporting XSAVE feature 0x01: 'x87 floating point registers'
[    0.000000] x86/fpu: Supporting XSAVE feature 0x02: 'SSE registers'
[    0.000000] x86/fpu: Supporting XSAVE feature 0x04: 'AVX registers'
[    0.000000] x86/fpu: Enabled xstate features 0x7, context size is 832 bytes, using 'standard' format.
[    0.000000] x86/fpu: Using 'lazy' FPU context switches.
[    0.000000] e820: BIOS-provided physical RAM map:
[    0.000000] BIOS-e820: [mem 0x0000000000000000-0x000000000009fbff] usable
[    0.000000] BIOS-e820: [mem 0x000000000009fc00-0x000000000009ffff] reserved
[    0.000000] BIOS-e820: [mem 0x00000000000f0000-0x00000000000fffff] reserved
[    0.000000] BIOS-e820: [mem 0x0000000000100000-0x000000003ffeffff] usable
[    0.000000] BIOS-e820: [mem 0x000000003fff0000-0x000000003fffffff] ACPI data
[    0.000000] BIOS-e820: [mem 0x00000000fec00000-0x00000000fec00fff] reserved
[    0.000000] BIOS-e820: [mem 0x00000000fee00000-0x00000000fee00fff] reserved
[    0.000000] BIOS-e820: [mem 0x00000000fffc0000-0x00000000ffffffff] reserved
[    0.000000] NX (Execute Disable) protection: active
[    0.000000] SMBIOS 2.5 present.
[    0.000000] Hypervisor detected: KVM
[    0.000000] e820: last_pfn = 0x3fff0 max_arch_pfn = 0x400000000
[    0.000000] MTRR: Disabled
[    0.000000] x86/PAT: MTRRs disabled, skipping PAT initialization too.
[    0.000000] x86/PAT: Configuration [0-7]: WB  WT  UC- UC  WB  WT  UC- UC  
[    0.000000] CPU MTRRs all blank - virtualized system.
[    0.000000] found SMP MP-table at [mem 0x0009fff0-0x0009ffff] mapped at [ffff88000009fff0]
[    0.000000] Scanning 1 areas for low memory corruption
[    0.000000] RAMDISK: [mem 0x36ad2000-0x37560fff]
[    0.000000] ACPI: Early table checksum verification disabled
[    0.000000] ACPI: RSDP 0x00000000000E0000 000024 (v02 VBOX  )
[    0.000000] ACPI: XSDT 0x000000003FFF0030 00003C (v01 VBOX   VBOXXSDT 00000001 ASL  00000061)
[    0.000000] ACPI: FACP 0x000000003FFF00F0 0000F4 (v04 VBOX   VBOXFACP 00000001 ASL  00000061)
[    0.000000] ACPI: DSDT 0x000000003FFF0470 0021C8 (v02 VBOX   VBOXBIOS 00000002 INTL 20100528)
[    0.000000] ACPI: FACS 0x000000003FFF0200 000040
[    0.000000] ACPI: FACS 0x000000003FFF0200 000040
[    0.000000] ACPI: APIC 0x000000003FFF0240 00005C (v02 VBOX   VBOXAPIC 00000001 ASL  00000061)
[    0.000000] ACPI: SSDT 0x000000003FFF02A0 0001CC (v01 VBOX   VBOXCPUT 00000002 INTL 20100528)
[    0.000000] No NUMA configuration found
[    0.000000] Faking a node at [mem 0x0000000000000000-0x000000003ffeffff]
[    0.000000] NODE_DATA(0) allocated [mem 0x3ffeb000-0x3ffeffff]
[    0.000000] kvm-clock: Using msrs 4b564d01 and 4b564d00
[    0.000000] kvm-clock: cpu 0, msr 0:3ffe3001, primary cpu clock
[    0.000000] kvm-clock: using sched offset of 3389988949 cycles
[    0.000000] clocksource: kvm-clock: mask: 0xffffffffffffffff max_cycles: 0x1cd42e4dffb, max_idle_ns: 881590591483 ns
[    0.000000] Zone ranges:
[    0.000000]   DMA      [mem 0x0000000000001000-0x0000000000ffffff]
[    0.000000]   DMA32    [mem 0x0000000001000000-0x000000003ffeffff]
[    0.000000]   Normal   empty
[    0.000000]   Device   empty
[    0.000000] Movable zone start for each node
[    0.000000] Early memory node ranges
[    0.000000]   node   0: [mem 0x0000000000001000-0x000000000009efff]
[    0.000000]   node   0: [mem 0x0000000000100000-0x000000003ffeffff]
[    0.000000] Initmem setup node 0 [mem 0x0000000000001000-0x000000003ffeffff]
[    0.000000] ACPI: PM-Timer IO Port: 0x4008
[    0.000000] IOAPIC[0]: apic_id 2, version 32, address 0xfec00000, GSI 0-23
[    0.000000] ACPI: INT_SRC_OVR (bus 0 bus_irq 0 global_irq 2 dfl dfl)
[    0.000000] ACPI: INT_SRC_OVR (bus 0 bus_irq 9 global_irq 9 high level)
[    0.000000] Using ACPI (MADT) for SMP configuration information
[    0.000000] smpboot: Allowing 2 CPUs, 0 hotplug CPUs
[    0.000000] PM: Registered nosave memory: [mem 0x00000000-0x00000fff]
[    0.000000] PM: Registered nosave memory: [mem 0x0009f000-0x0009ffff]
[    0.000000] PM: Registered nosave memory: [mem 0x000a0000-0x000effff]
[    0.000000] PM: Registered nosave memory: [mem 0x000f0000-0x000fffff]
[    0.000000] e820: [mem 0x40000000-0xfebfffff] available for PCI devices
[    0.000000] Booting paravirtualized kernel on KVM
[    0.000000] clocksource: refined-jiffies: mask: 0xffffffff max_cycles: 0xffffffff, max_idle_ns: 7645519600211568 ns
[    0.000000] setup_percpu: NR_CPUS:512 nr_cpumask_bits:512 nr_cpu_ids:2 nr_node_ids:1
[    0.000000] PERCPU: Embedded 33 pages/cpu @ffff88003fc00000 s98264 r8192 d28712 u1048576
[    0.000000] PV qspinlock hash table entries: 256 (order: 0, 4096 bytes)
[    0.000000] Built 1 zonelists in Node order, mobility grouping on.  Total pages: 257913
[    0.000000] Policy zone: DMA32
[    0.000000] Kernel command line: BOOT_IMAGE=/boot/vmlinuz-4.4.0-75-generic root=LABEL=cloudimg-rootfs ro console=tty1 console=ttyS0
[    0.000000] PID hash table entries: 4096 (order: 3, 32768 bytes)
[    0.000000] Memory: 1001768K/1048120K available (8449K kernel code, 1294K rwdata, 3980K rodata, 1484K init, 1316K bss, 46352K reserved, 0K cma-reserved)
[    0.000000] SLUB: HWalign=64, Order=0-3, MinObjects=0, CPUs=2, Nodes=1
[    0.000000] Hierarchical RCU implementation.
[    0.000000] 	Build-time adjustment of leaf fanout to 64.
[    0.000000] 	RCU restricting CPUs from NR_CPUS=512 to nr_cpu_ids=2.
[    0.000000] RCU: Adjusting geometry for rcu_fanout_leaf=64, nr_cpu_ids=2
[    0.000000] NR_IRQS:33024 nr_irqs:440 16
[    0.000000] Console: colour VGA+ 80x25
[    0.000000] console [tty1] enabled
[    0.000000] console [ttyS0] enabled
[    0.000000] tsc: Detected 1995.381 MHz processor
[    8.935735] Calibrating delay loop (skipped) preset value.. 3990.76 BogoMIPS (lpj=7981524)
[    9.029142] pid_max: default: 32768 minimum: 301
[    9.060786] ACPI: Core revision 20150930
[    9.091665] ACPI: 2 ACPI AML tables successfully acquired and loaded
[    9.186733] Security Framework initialized
[    9.254294] Yama: becoming mindful.
[    9.325690] AppArmor: AppArmor initialized
[    9.402788] Dentry cache hash table entries: 131072 (order: 8, 1048576 bytes)
[    9.547271] Inode-cache hash table entries: 65536 (order: 7, 524288 bytes)
[    9.682345] Mount-cache hash table entries: 2048 (order: 2, 16384 bytes)
[    9.729502] Mountpoint-cache hash table entries: 2048 (order: 2, 16384 bytes)
[    9.840064] Initializing cgroup subsys io
[    9.888077] Initializing cgroup subsys memory
[    9.966541] Initializing cgroup subsys devices
[   10.036955] Initializing cgroup subsys freezer
[   10.109123] Initializing cgroup subsys net_cls
[   10.153229] Initializing cgroup subsys perf_event
[   10.190435] Initializing cgroup subsys net_prio
[   10.193600] Initializing cgroup subsys hugetlb
[   10.194441] Initializing cgroup subsys pids
[   10.237786] CPU: Physical Processor ID: 0
[   10.313383] CPU: Processor Core ID: 0
[   10.389505] mce: CPU supports 0 MCE banks
[   10.476427] Last level iTLB entries: 4KB 1024, 2MB 1024, 4MB 1024
[   10.596337] Last level dTLB entries: 4KB 1024, 2MB 1024, 4MB 1024, 1GB 4
[   10.728127] Freeing SMP alternatives memory: 32K (ffffffff820b8000 - ffffffff820c0000)
[   10.909648] ftrace: allocating 32117 entries in 126 pages
[   11.072791] smpboot: APIC(0) Converting physical 0 to logical package 0
[   11.209807] smpboot: Max logical packages: 1
[   11.268710] x2apic enabled
[   11.289505] Switched APIC routing to physical x2apic.
[   11.325503] ..TIMER: vector=0x30 apic1=0 pin1=2 apic2=-1 pin2=-1
[   11.532520] smpboot: CPU0: Intel(R) Core(TM) i7-4750HQ CPU @ 2.00GHz (family: 0x6, model: 0x46, stepping: 0x1)
[   11.751539] Performance Events: unsupported p6 CPU model 70 no PMU driver, software events only.
[   11.875205] KVM setup paravirtual spinlock
[   11.927256] x86: Booting SMP configuration:
[   11.990582] .... node  #0, CPUs:      #1
[   12.067522] kvm-clock: cpu 1, msr 0:3ffe3041, secondary cpu clock
[   12.224371] mce: CPU supports 0 MCE banks
[   12.232591] x86: Booted up 1 node, 2 CPUs
[   12.262594] smpboot: Total of 2 processors activated (7981.52 BogoMIPS)
[   12.294285] devtmpfs: initialized
[   12.311815] evm: security.selinux
[   12.318386] evm: security.SMACK64
[   12.331571] evm: security.SMACK64EXEC
[   12.344509] evm: security.SMACK64TRANSMUTE
[   12.368215] evm: security.SMACK64MMAP
[   12.383520] evm: security.ima
[   12.392505] evm: security.capability
[   12.409182] clocksource: jiffies: mask: 0xffffffff max_cycles: 0xffffffff, max_idle_ns: 7645041785100000 ns
[   12.449678] futex hash table entries: 512 (order: 3, 32768 bytes)
[   12.504140] pinctrl core: initialized pinctrl subsystem
[   12.627654] RTC time: 13:58:01, date: 06/05/17
[   12.740883] NET: Registered protocol family 16
[   12.847689] cpuidle: using governor ladder
[   12.943327] cpuidle: using governor menu
[   13.029732] PCCT header not found.
[   13.117158] ACPI: bus type PCI registered
[   13.211037] acpiphp: ACPI Hot Plug PCI Controller Driver version: 0.5
[   13.319222] PCI: Using configuration type 1 for base access
[   13.436667] ACPI: Added _OSI(Module Device)
[   13.524579] ACPI: Added _OSI(Processor Device)
[   13.549406] ACPI: Added _OSI(3.0 _SCP Extensions)
[   13.562879] ACPI: Added _OSI(Processor Aggregator Device)
[   13.572538] ACPI: Executed 1 blocks of module-level executable AML code
[   13.633804] ACPI: Interpreter enabled
[   13.704307] ACPI: (supports S0 S5)
[   13.785555] ACPI: Using IOAPIC for interrupt routing
[   13.910077] PCI: Using host bridge windows from ACPI; if necessary, use "pci=nocrs" and report a bug
[   14.128907] ACPI: PCI Root Bridge [PCI0] (domain 0000 [bus 00-ff])
[   14.281523] acpi PNP0A03:00: _OSC: OS supports [ASPM ClockPM Segments MSI]
[   14.422508] acpi PNP0A03:00: _OSC failed (AE_NOT_FOUND); disabling ASPM
[   14.584596] acpi PNP0A03:00: fail to add MMCONFIG information, can't access extended PCI configuration space under this bridge.
[   14.685165] PCI host bridge to bus 0000:00
[   14.709202] pci_bus 0000:00: root bus resource [io  0x0000-0x0cf7 window]
[   14.710367] pci_bus 0000:00: root bus resource [io  0x0d00-0xffff window]
[   14.722933] pci_bus 0000:00: root bus resource [mem 0x000a0000-0x000bffff window]
[   14.866976] pci_bus 0000:00: root bus resource [mem 0x40000000-0xffdfffff window]
[   14.995647] pci_bus 0000:00: root bus resource [bus 00-ff]
[   15.097262] pci 0000:00:01.1: legacy IDE quirk: reg 0x10: [io  0x01f0-0x01f7]
[   15.256452] pci 0000:00:01.1: legacy IDE quirk: reg 0x14: [io  0x03f6]
[   15.388961] pci 0000:00:01.1: legacy IDE quirk: reg 0x18: [io  0x0170-0x0177]
[   15.523650] pci 0000:00:01.1: legacy IDE quirk: reg 0x1c: [io  0x0376]
[   15.628026] pci 0000:00:07.0: quirk: [io  0x4000-0x403f] claimed by PIIX4 ACPI
[   15.761439] pci 0000:00:07.0: quirk: [io  0x4100-0x410f] claimed by PIIX4 SMB
[   15.807475] ACPI: PCI Interrupt Link [LNKA] (IRQs 5 9 10 *11)
[   15.853454] ACPI: PCI Interrupt Link [LNKB] (IRQs 5 9 10 *11)
[   15.960147] ACPI: PCI Interrupt Link [LNKC] (IRQs 5 9 *10 11)
[   16.051216] ACPI: PCI Interrupt Link [LNKD] (IRQs 5 *9 10 11)
[   16.175471] ACPI: Enabled 2 GPEs in block 00 to 07
[   16.273320] vgaarb: setting as boot device: PCI:0000:00:02.0
[   16.380562] vgaarb: device added: PCI:0000:00:02.0,decodes=io+mem,owns=io+mem,locks=none
[   16.556269] vgaarb: loaded
[   16.613735] vgaarb: bridge control possible 0000:00:02.0
[   16.725546] SCSI subsystem initialized
[   16.826014] ACPI: bus type USB registered
[   16.881518] usbcore: registered new interface driver usbfs
[   16.917902] usbcore: registered new interface driver hub
[   16.953405] usbcore: registered new device driver usb
[   16.960352] PCI: Using ACPI for IRQ routing
[   17.004604] NetLabel: Initializing
[   17.056759] NetLabel:  domain hash size = 128
[   17.147161] NetLabel:  protocols = UNLABELED CIPSOv4
[   17.261563] NetLabel:  unlabeled traffic allowed by default
[   17.388759] amd_nb: Cannot enumerate AMD northbridges
[   17.499999] clocksource: Switched to clocksource kvm-clock
[   17.650846] AppArmor: AppArmor Filesystem Enabled
[   17.758936] pnp: PnP ACPI init
[   17.830840] pnp: PnP ACPI: found 3 devices
[   17.950995] clocksource: acpi_pm: mask: 0xffffff max_cycles: 0xffffff, max_idle_ns: 2085701024 ns
[   18.082360] NET: Registered protocol family 2
[   18.184152] TCP established hash table entries: 8192 (order: 4, 65536 bytes)
[   18.364750] TCP bind hash table entries: 8192 (order: 5, 131072 bytes)
[   18.533527] TCP: Hash tables configured (established 8192 bind 8192)
[   18.699873] UDP hash table entries: 512 (order: 2, 16384 bytes)
[   18.854000] UDP-Lite hash table entries: 512 (order: 2, 16384 bytes)
[   19.022738] NET: Registered protocol family 1
[   19.132306] pci 0000:00:00.0: Limiting direct PCI/PCI transfers
[   19.229210] pci 0000:00:01.0: Activating ISA DMA hang workarounds
[   19.394079] Unpacking initramfs...
[   21.233332] Freeing initrd memory: 10812K (ffff880036ad2000 - ffff880037561000)
[   21.372075] platform rtc_cmos: registered platform RTC device (no PNP device found)
[   21.435546] Scanning for low memory corruption every 60 seconds
[   21.447939] audit: initializing netlink subsys (disabled)
[   21.456824] audit: type=2000 audit(1496671078.498:1): initialized
[   21.487727] Initialise system trusted keyring
[   21.500392] HugeTLB registered 2 MB page size, pre-allocated 0 pages
[   21.599172] zbud: loaded
[   21.640340] VFS: Disk quotas dquot_6.6.0
[   21.725718] VFS: Dquot-cache hash table entries: 512 (order 0, 4096 bytes)
[   21.877083] squashfs: version 4.0 (2009/01/31) Phillip Lougher
[   22.006214] fuse init (API version 7.23)
[   22.062644] Key type big_key registered
[   22.195698] Allocating IMA MOK and blacklist keyrings.
[   22.312036] Key type asymmetric registered
[   22.368647] tsc: Refined TSC clocksource calibration: 1995.310 MHz
[   22.368649] clocksource: tsc: mask: 0xffffffffffffffff max_cycles: 0x3985bfd9acd, max_idle_ns: 881590799062 ns
[   22.551377] Asymmetric key parser 'x509' registered
[   22.567714] Block layer SCSI generic (bsg) driver version 0.4 loaded (major 249)
[   22.569228] io scheduler noop registered
[   22.570009] io scheduler deadline registered (default)
[   22.697916] io scheduler cfq registered
[   22.777393] pci_hotplug: PCI Hot Plug PCI Core version: 0.5
[   22.883447] pciehp: PCI Express Hot Plug Controller Driver version: 0.4
[   23.028308] ACPI: AC Adapter [AC] (on-line)
[   23.124974] input: Power Button as /devices/LNXSYSTM:00/LNXPWRBN:00/input/input0
[   23.309613] ACPI: Power Button [PWRF]
[   23.391391] input: Sleep Button as /devices/LNXSYSTM:00/LNXSLPBN:00/input/input1
[   23.550330] ACPI: Sleep Button [SLPF]
[   23.590587] GHES: HEST is not enabled!
[   23.591619] ACPI: Battery Slot [BAT0] (battery present)
[   23.669092] Serial: 8250/16550 driver, 32 ports, IRQ sharing enabled
ÿ[   23.774709] 00:02: ttyS0 at I/O 0x3f8 (irq = 4, base_baud = 115200) is a 16550A
[   23.948939] Linux agpgart interface v0.103
[   24.045204] loop: module loaded
[   24.163634] scsi host0: ata_piix
[   24.274279] scsi host1: ata_piix
[   24.394373] ata1: PATA max UDMA/33 cmd 0x1f0 ctl 0x3f6 bmdma 0xd000 irq 14
[   24.637367] ata2: PATA max UDMA/33 cmd 0x170 ctl 0x376 bmdma 0xd008 irq 15
[   24.748129] libphy: Fixed MDIO Bus: probed
[   24.763769] tun: Universal TUN/TAP device driver, 1.6
[   24.780551] tun: (C) 1999-2004 Max Krasnyansky <maxk@qualcomm.com>
[   24.794192] PPP generic driver version 2.4.2
[   24.808302] ehci_hcd: USB 2.0 'Enhanced' Host Controller (EHCI) Driver
[   24.881493] ehci-pci: EHCI PCI platform driver
[   25.007367] ehci-platform: EHCI generic platform driver
[   25.124582] ohci_hcd: USB 1.1 'Open' Host Controller (OHCI) Driver
[   25.261839] ohci-pci: OHCI PCI platform driver
[   25.372617] ohci-platform: OHCI generic platform driver
[   25.431946] uhci_hcd: USB Universal Host Controller Interface driver
[   25.489868] i8042: PNP: PS/2 Controller [PNP0303:PS2K,PNP0f03:PS2M] at 0x60,0x64 irq 1,12
[   25.586210] serio: i8042 KBD port at 0x60,0x64 irq 1
[   25.656938] serio: i8042 AUX port at 0x60,0x64 irq 12
[   25.661438] mousedev: PS/2 mouse device common for all mice
[   25.730080] rtc_cmos rtc_cmos: rtc core: registered rtc_cmos as rtc0
[   25.817083] rtc_cmos rtc_cmos: alarms up to one day, 114 bytes nvram
[   25.881555] input: AT Translated Set 2 keyboard as /devices/platform/i8042/serio0/input/input2
[   25.937253] i2c /dev entries driver
[   25.965640] device-mapper: uevent: version 1.0.3
[   25.993233] device-mapper: ioctl: 4.34.0-ioctl (2015-10-28) initialised: dm-devel@redhat.com
[   26.101213] ledtrig-cpu: registered to indicate activity on CPUs
[   26.212948] NET: Registered protocol family 10
[   26.252208] NET: Registered protocol family 17
[   26.330230] Key type dns_resolver registered
[   26.388805] microcode: CPU0 sig=0x40661, pf=0x40, revision=0x0
[   26.472570] microcode: CPU1 sig=0x40661, pf=0x40, revision=0x0
[   26.508415] microcode: Microcode Update Driver: v2.01 <tigran@aivazian.fsnet.co.uk>, Peter Oruba
[   26.679756] registered taskstats version 1
[   26.765568] Loading compiled-in X.509 certificates
[   26.862860] Loaded X.509 cert 'Build time autogenerated kernel key: c2fea74804032151001b764dbf9eab8df960fa59'
[   27.038924] zswap: loaded using pool lzo/zbud
[   27.123689] Key type trusted registered
[   27.204799] Key type encrypted registered
[   27.287704] AppArmor: AppArmor sha1 policy hashing enabled
[   27.381939] ima: No TPM chip found, activating TPM-bypass!
[   27.486063] evm: HMAC attrs: 0x1
[   27.522410]   Magic number: 5:196:988
[   27.572628] machinecheck machinecheck1: hash matches
[   27.645772] rtc_cmos rtc_cmos: setting system clock to 2017-06-05 13:58:16 UTC (1496671096)
[   27.756394] BIOS EDD facility v0.16 2004-Jun-25, 0 devices found
[   27.824925] EDD information not available.
[   27.843253] Freeing unused kernel memory: 1484K (ffffffff81f45000 - ffffffff820b8000)
[   28.019263] Write protecting the kernel read-only data: 14336k
[   28.110903] Freeing unused kernel memory: 1780K (ffff880001843000 - ffff880001a00000)
[   28.169478] Freeing unused kernel memory: 116K (ffff880001de3000 - ffff880001e00000)
Loading, please [   28.266713] random: systemd-udevd: uninitialized urandom read (16 bytes read, 4 bits of entropy available)
wait...
startin[   28.267273] random: udevadm: uninitialized urandom read (16 bytes read, 4 bits of entropy available)
g version 229
[   28.267305] random: udevadm: uninitialized urandom read (16 bytes read, 4 bits of entropy available)
[   28.267403] random: udevadm: uninitialized urandom read (16 bytes read, 4 bits of entropy available)
[   28.267438] random: udevadm: uninitialized urandom read (16 bytes read, 4 bits of entropy available)
[   28.267471] random: udevadm: uninitialized urandom read (16 bytes read, 4 bits of entropy available)
[   28.267507] random: udevadm: uninitialized urandom read (16 bytes read, 4 bits of entropy available)
[   28.267539] random: udevadm: uninitialized urandom read (16 bytes read, 4 bits of entropy available)
[   28.267569] random: udevadm: uninitialized urandom read (16 bytes read, 4 bits of entropy available)
[   28.267599] random: udevadm: uninitialized urandom read (16 bytes read, 4 bits of entropy available)
[   30.074566] Fusion MPT base driver 3.04.20
[   30.231976] Copyright (c) 1999-2008 LSI Corporation
[   30.353886] e1000: Intel(R) PRO/1000 Network Driver - version 7.3.21-k8-NAPI
[   30.390466] e1000: Copyright (c) 1999-2006 Intel Corporation.
[   30.430915] AVX version of gcm_enc/dec engaged.
[   30.508135] AES CTR mode by8 optimization enabled
[   30.613993] Fusion MPT SPI Host driver 3.04.20
[   30.712968] input: ImExPS/2 Generic Explorer Mouse as /devices/platform/i8042/serio1/input/input4
[   31.033159] e1000 0000:00:03.0 eth0: (PCI:33MHz:32-bit) 02:15:82:70:de:54
[   31.173896] e1000 0000:00:03.0 eth0: Intel(R) PRO/1000 Network Connection
[   31.705473] e1000 0000:00:08.0 eth1: (PCI:33MHz:32-bit) 08:00:27:ba:e1:78
[   31.869219] e1000 0000:00:08.0 eth1: Intel(R) PRO/1000 Network Connection
[   32.044059] mptbase: ioc0: Initiating bringup
[   32.044364] e1000 0000:00:03.0 enp0s3: renamed from eth0
[   32.294135] e1000 0000:00:08.0 enp0s8: renamed from eth1
[   32.351365] ioc0: LSI53C1030 A0: Capabilities={Initiator}
[   32.526951] scsi host2: ioc0: LSI53C1030 A0, FwRev=00000000h, Ports=1, MaxQ=256, IRQ=20
[   32.757493] scsi 2:0:0:0: Direct-Access     VBOX     HARDDISK         1.0  PQ: 0 ANSI: 5
[   32.989160] scsi target2:0:0: Beginning Domain Validation
[   33.104073] scsi target2:0:0: Domain Validation skipping write tests
[   33.278396] scsi target2:0:0: Ending Domain Validation
[   33.403195] scsi target2:0:0: asynchronous
[   33.513135] scsi 2:0:1:0: Direct-Access     VBOX     HARDDISK         1.0  PQ: 0 ANSI: 5
[   33.628091] floppy0: no floppy controllers found
[   33.628134] work still pending
[   33.715862] scsi target2:0:1: Beginning Domain Validation
[   33.734498] scsi target2:0:1: Domain Validation skipping write tests
[   33.754415] scsi target2:0:1: Ending Domain Validation
[   33.778324] scsi target2:0:1: asynchronous
[   33.810260] sd 2:0:0:0: Attached scsi generic sg0 type 0
[   33.832132] sd 2:0:0:0: [sda] 20971520 512-byte logical blocks: (10.7 GB/10.0 GiB)
[   33.862905] sd 2:0:1:0: [sdb] 20480 512-byte logical blocks: (10.5 MB/10.0 MiB)
[   33.863012] sd 2:0:1:0: Attached scsi generic sg1 type 0
[   33.893817] sd 2:0:0:0: [sda] Write Protect is off
[   33.893946] sd 2:0:1:0: [sdb] Write Protect is off
[   33.894098] sd 2:0:1:0: [sdb] Incomplete mode parameter data
[   33.894100] sd 2:0:1:0: [sdb] Assuming drive cache: write through
[   33.939684] sd 2:0:0:0: [sda] Incomplete mode parameter data
[   33.940915] sd 2:0:1:0: [sdb] Attached SCSI disk
[   34.126711] sd 2:0:0:0: [sda] Assuming drive cache: write through
[   34.276222]  sda: sda1
[   34.346902] sd 2:0:0:0: [sda] Attached SCSI disk
Begin: Loading e[   35.786648] md: linear personality registered for level -1
ssential drivers[   35.929000] md: multipath personality registered for level -4
 ... [   35.995942] md: raid0 personality registered for level 0
[   36.047726] md: raid1 personality registered for level 1
[   36.304202] raid6: sse2x1   gen()  8931 MB/s
[   36.481499] raid6: sse2x1   xor()  6772 MB/s
[   36.620015] raid6: sse2x2   gen() 11304 MB/s
[   36.860738] raid6: sse2x2   xor()  8227 MB/s
[   37.092174] raid6: sse2x4   gen() 11720 MB/s
[   37.172680] raid6: sse2x4   xor()  8737 MB/s
[   37.312405] raid6: using algorithm sse2x4 gen() 11720 MB/s
[   37.511745] raid6: .... xor() 8737 MB/s, rmw enabled
[   37.622224] raid6: using ssse3x2 recovery algorithm
[   37.803856] xor: automatically using best checksumming function:
[   37.988029]    avx       : 19231.000 MB/sec
[   38.103801] async_tx: api initialized (async)
[   38.185265] md: raid6 personality registered for level 6
[   38.211844] md: raid5 personality registered for level 5
[   38.226993] md: raid4 personality registered for level 4
[   38.247231] md: raid10 personality registered for level 10
done.
Begin: Running /scripts/init-premount ...[   38.293804] Btrfs loaded
 done.
Begin: Mounting root file system ... Begin: Running /scripts/local-top ... done.
Begin: Running /scripts/local-premount ... Scanning for Btrfs filesystems
done.
Warning: fsck no[   38.331251] EXT4-fs (sda1): mounted filesystem with ordered data mode. Opts: (null)
t present, so skipping root file system
done.
Begin: Running /scripts/local-bottom ... done.
Begin: Running /scripts/init-bottom ... done.
[   38.638402] systemd[1]: systemd 229 running in system mode. (+PAM +AUDIT +SELINUX +IMA +APPARMOR +SMACK +SYSVINIT +UTMP +LIBCRYPTSETUP +GCRYPT +GNUTLS +ACL +XZ -LZ4 +SECCOMP +BLKID +ELFUTILS +KMOD -IDN)
[   39.113619] systemd[1]: Detected virtualization oracle.
[   39.227190] systemd[1]: Detected architecture x86-64.

Welcome to [1mUbuntu 16.04.2 LTS[0m!

[   39.360295] systemd[1]: Set hostname to <ubuntu>.
[   39.400088] systemd[1]: Initializing machine ID from random generator.
[   39.573199] systemd[1]: Installed transient /etc/machine-id file.
[   39.832345] systemd[1]: Reached target User and Group Name Lookups.
[[0;32m  OK  [0m] Reached target User and Group Name Lookups.
[   40.040948] systemd[1]: Listening on udev Kernel Socket.
[[0;32m  OK  [0m] Listening on udev Kernel Socket.
[   40.204594] systemd[1]: Listening on LVM2 poll daemon socket.
[[0;32m  OK  [0m] Listening on LVM2 poll daemon socket.
[   40.392298] systemd[1]: Listening on Journal Socket (/dev/log).
[[0;32m  OK  [0m] Listening on Journal Socket (/dev/log).
[   40.522089] systemd[1]: Listening on Device-mapper event daemon FIFOs.
[[0;32m  OK  [0m] Listening on Device-mapper event daemon FIFOs.
[   40.744497] systemd[1]: Reached target Swap.
[[0;32m  OK  [0m] Reached target Swap.
[   40.905008] systemd[1]: Created slice System Slice.
[[0;32m  OK  [0m] Created slice System Slice.
[   41.064945] systemd[1]: Reached target Encrypted Volumes.
[[0;32m  OK  [0m] Reached target Encrypted Volumes.
[   41.252691] systemd[1]: Listening on /dev/initctl Compatibility Named Pipe.
[[0;32m  OK  [0m] Listening on /dev/initctl Compatibility Named Pipe.
[   41.468500] systemd[1]: Started Forward Password Requests to Wall Directory Watch.
[[0;32m  OK  [0m] Started Forward Password Requests to Wall Directory Watch.
[   41.616411] systemd[1]: Listening on udev Control Socket.
[[0;32m  OK  [0m] Listening on udev Control Socket.
[   41.792546] systemd[1]: Listening on Journal Socket.
[[0;32m  OK  [0m] Listening on Journal Socket.
[   41.972772] systemd[1]: Starting Load Kernel Modules...
         [   42.115347] Loading iSCSI transport class v2.0-870.
Starting Load Ke[   42.320827] random: nonblocking pool is initialized
rnel Modules...[   42.523648] iscsi: registered transport (tcp)

[   42.648260] systemd[1]: Starting Create list of required static device nodes for the current kernel...
         Starting Create list of required st... nodes for the current kernel...
[   42.714184] iscsi: registered transport (iser)
[   42.769944] systemd[1]: Starting Remount Root and Kernel File Systems...
[   42.784407] EXT4-fs (sda1): re-mounted. Opts: (null)
         Starting Remount Root and Kernel File Systems...
[   42.822219] systemd[1]: Starting Set console keymap...
         Starting Set console keymap...
[   42.876224] systemd[1]: Mounting POSIX Message Queue File System...
         Mounting POSIX Message Queue File System...
[   42.936791] systemd[1]: Created slice User and Session Slice.
[[0;32m  OK  [0m] Created slice User and Session Slice.
[   43.108333] systemd[1]: Reached target Slices.
[[0;32m  OK  [0m] Reached target Slices.
[   43.284495] systemd[1]: Mounting Debug File System...
         Mounting Debug File System...
[   43.504803] systemd[1]: Starting Uncomplicated firewall...
         Starting Uncomplicated firewall...
[   43.629148] systemd[1]: Set up automount Arbitrary Executable File Formats File System Automount Point.
[[0;32m  OK  [0m] Set up automount Arbitrary Executab...ats File System Automount Point.
[   43.828748] systemd[1]: Starting Nameserver information manager...
         Starting Nameserver information manager...
[   44.220891] systemd[1]: Listening on Journll Audit Socket.
[[0;32m  OK  [0m] Listening on Journal Audit Socket.
[   44.481515] systemd[1]: Created slice system-serial\x2dgetty.slice.
[[0;32m  OK  [0m] Created slice system-serial\x2dgetty.slice.
[   44.708458] systemd[1]: Mounting Huge Pages File System...
         Mounting Huge Pages File System...
[   44.900312] systemd[1]: Listening on LVM2 metadata daemon socket.
[[0;32m  OK  [0m] Listening on LVM2 metadata daemon socket.
[   44.976908] systemd[1]: Starting Moniooring of LVM2 mirrors, snapshots etc. using dmeventd or progress polling...
         Starting Monitoring of LVM2 mirrors... dmeventd or progress polling...
[   45.378345] systemd[1]: Listening on Syslog Socket.
[[0;32m  OK  [0m] Listening on Syslog Socket.
[   45.532661] systemd[1]: Starting Journal Service...
         Starting Journal Service...
[   45.705563] systemd[1]: Mounted POSIX Message Queue File System.
[[0;32m  OK  [0m] Mounted POSIX Message Queue File System.
[   45.852458] systemd[1]: Mounted Debug File System.
[[0;32m  OK  [0m] Mounted Debug File System.
[   45.988297] systemd[1]: Mounted Huge Pages File System.
[[0;32m  OK  [0m] Mounted Huge Pages File System.
[   46.056360] systemd[1]: Started Journal Service.
[[0;32m  OK  [0m] Started Journal Service.
[[0;32m  OK  [0m] Started Load Kernel Modules.
[[0;32m  OK  [0m] Started Create list of required sta...ce nodes for the current kernel.
[[0;32m  OK  [0m] Started Remount Root and Kernel File Systems.
[[0;32m  OK  [0m] Started Set console keymap.
[[0;32m  OK  [0m] Started Uncomplicated firewall.
[[0;32m  OK  [0m] Started Nameserver information manager.
[[0;32m  OK  [0m] Started LVM2 metadata daemon.
         Starting Initial cloud-init job (pre-networking)...
         Starting udev Coldplug all Devices...
         Starting Load/Save Random Seed...
         Starting Create Static Device Nodes in /dev...
         Starting Apply Kernel Variables...
         Mounting FUSE Control File System...
         Starting Flush Journal to Persistent Storage...
[[0;32m  OK  [0m] Mounted FUSE Control File System.
[[0;32m  OK  [0m] Started Monitoring of LVM2 mirrors,...ng dmeventd or progress polling.
[[0;32m  OK  [0m] Started Load/Save Random Seed.
[[0;32m  OK  [0m] Started Create Static Device Nodes in /dev.
[[0;32m  OK  [0m] Started Apply Kernel Variables.
[[0;32m  OK  [0m] Started udev Coldplug all Devices.
[[0;32m  OK  [0m] Started Flush Journal to Persistent Storage.
         Starting udev Kernel Device Manager...
[[0;32m  OK  [0m] Started udev Kernel Device Manager.
[[0;32m  OK  [0m] Reached target Local File Systems (Pre).
[[0;32m  OK  [0m] Reached target Local File Systems.
         Starting Create Volatile Files and Directories...
[   30.764362] cloud-init[442]: Cloud-init v. 0.7.9 running 'init-local' at Mon, 05 Jun 2017 13:58:36 +0000. Up 30.47 seconds.
         Starting LSB: AppArmor initialization...
         Starting Commit a transient machine-id on disk...
         Starting Tell Plymouth To Write Out Runtime Data...
         Starting Set console font and keymap...
[[0;32m  OK  [0m] Started Dispatch Password Requests to Console Directory Watch.
[[0;32m  OK  [0m] Started Create Volatile Files and Directories.
[[0;32m  OK  [0m] Started Commit a transient machine-id on disk.
[[0;32m  OK  [0m] Started Tell Plymouth To Write Out Runtime Data.
[[0;32m  OK  [0m] Started Set console font and keymap.
[[0;32m  OK  [0m] Started Initial cloud-init job (pre-networking).
[[0;32m  OK  [0m] Found device /dev/ttyS0.
[[0;32m  OK  [0m] Listening on Load/Save RF Kill Switch Status /dev/rfkill Watch.
[[0;32m  OK  [0m] Reached target Network (Pre).
[[0;32m  OK  [0m] Created slice system-getty.slice.
         Starting Update UTMP about System Boot/Shutdown...
[[0;32m  OK  [0m] Reached target System Time Synchronized.
[[0;32m  OK  [0m] Started LSB: AppArmor initialization.
[[0;32m  OK  [0m] Started Update UTMP about System Boot/Shutdown.
         Starting Raise network interfaces...
[[0;32m  OK  [0m] Started Raise network interfaces.
[[0;32m  OK  [0m] Reached target Network.
         Starting Initial cloud-init job (metadata service crawler)...
[   34.677272] cloud-init[942]: Cloud-init v. 0.7.9 running 'init' at Mon, 05 Jun 2017 13:58:39 +0000. Up 34.15 seconds.
[   34.764540] cloud-init[942]: ci-info: ++++++++++++++++++++++++++++++++++++++Net device info++++++++++++++++++++++++++++++++++++++
[   34.764869] cloud-init[942]: ci-info: +--------+-------+----------------------------+---------------+-------+-------------------+
[[0;32m  OK  [0m] Started Initial cloud-init job (metadata service crawler).
[   34.765023] cloud-init[942]: ci-info: | Device |   Up  |          Address           |      Mask     | Scope |     Hw-Address    |
[   35.040845] cloud-init[942]: ci-info: +--------+-------+----------------------------+---------------+-------+-------------------+
[   35.041194] cloud-init[942]: ci-info: | enp0s3 |  True |         10.0.2.15          | 255.255.255.0 |   .   | 02:15:82:70:de:54 |
[[0;32m  OK  [0m] Reached target System Initialization.
[[   35.041309] cloud-init[942]: ci-info: | enp0s3 |  True | fe80::15:82ff:fe70:de54/64 |       .       |  link | 02:15:82:70:de:54 |
[   35.265278] cloud-init[942]: ci-info: |   lo   |  True |         127.0.0.1          |   255.0.0.0   |   .   |         .         |
[0;32m  OK  [0m] Started Daily apt activities.
[[   35.265401] cloud-init[942]: ci-info: |   lo   |  True |          ::1/128           |       .       |  host |         .         |
[   35.493207] cloud-init[942]: ci-info: | enp0s8 | False |             .              |       .       |   .   | 08:00:27:ba:e1:78 |
[0;32m  OK  [0m] Listening on UUID daemon activation socket.
[[   35.493319] cloud-init[942]: ci-info: +--------+-------+----------------------------+---------------+-------+-------------------+
[   35.737645] cloud-init[942]: ci-info: +++++++++++++++++++++++++++Route IPv4 info++++++++++++++++++++++++++++
[0;32m  OK  [0m] Started Timer to automatically refresh installed snaps.
[   35.737762] cloud-init[942]: ci-info: +-------+-------------+----------+---------------+-----------+-------+
[   35.976779] cloud-init[942]: ci-info: | Route | Destination | Gateway  |    Genmask    | Interface | Flags |
[[0;32m  OK  [0m] Started Trigger resolvconf update for networkd DNS.
[[   35.976989] cloud-init[942]: ci-info: +-------+-------------+----------+---------------+-----------+-------+
[   36.133241] cloud-init[942]: ci-info: |   0   |   0.0.0.0   | 10.0.2.2 |    0.0.0.0    |   enp0s3  |   UG  |
[0;32m  OK  [0m] Started Daily Cleanup of Temporary Directories.
[[   36.133425] cloud-init[942]: ci-info: |   1   |   10.0.2.0  | 0.0.0.0  | 255.255.255.0 |   enp0s3  |   U   |
[   36.353371] cloud-init[942]: ci-info: +-------+-------------+----------+---------------+-----------+-------+
[0;32m  OK  [0m] Reached target Timers.
[   36.353649] cloud-init[942]: Generating public/private rsa key pair.
[   36.600538] cloud-init[942]: Your identification has been saved in /etc/ssh/ssh_host_rsa_key.
[   36.600913] cloud-init[942]: Your public key has been saved in /etc/ssh/ssh_host_rsa_key.pub.
[[0;32m  OK  [0m] Started ACPI Events Check.
[[   36.601113] cloud-init[942]: The key fingerprint is:
[   36.673231] cloud-init[942]: SHA256:H8FbchbvP/EC2ZY/G/D1Nt7Pe1Bw467el3Nh8xUllbY root@ubuntu-xenial
[0;32m  OK  [0m] Reached target Paths.
[   36.673449] cloud-init[942]: The key's randomart image is:
[   36.880544] cloud-init[942]: +---[RSA 2048]----+
[   36.880968] cloud-init[942]: |            .  .o|
         Starting LXD - unix socket.
[[   36.881148] cloud-init[942]: |         .   oo+o|
[   36.985485] cloud-init[942]: |          + + +++|
[0;32m  OK  [0m] Listening on ACPID Listen Socket.
         Starting Socket activation for snappy daemon.
[   36.985611] cloud-init[942]: |           B + E.|
[   37.101961] cloud-init[942]: |        S o o.*oo|
[   37.102196] cloud-init[942]: |         . . o+B*|
[   37.102333] cloud-init[942]: |          .   +B%|
[   37.102469] cloud-init[942]: |             .o*%|
[   37.102604] cloud-init[942]: |            .. =@|
[   37.102742] cloud-init[942]: +----[SHA256]-----+
[[0;32m  OK  [0m] Listening on D-Bus System Message Bus Socket.
[[   37.102884] cloud-init[942]: Generating public/private dsa key pair.
[   37.300443] cloud-init[942]: Your identification has been saved in /etc/ssh/ssh_host_dsa_key.
[0;32m  OK  [0m] Reached target Network is Online.
[   37.300538] cloud-init[942]: Your public key has been saved in /etc/ssh/ssh_host_dsa_key.pub.
[   37.532745] cloud-init[942]: The key fingerprint is:
[   37.533268] cloud-init[942]: SHA256:tWHC0Iwchetc++w3tXJcaQ1TZ4DfvoV40Tyv8aEm2bM root@ubuntu-xenial
         Starting iSCSI initiator daemon (iscsid)...
[[   37.533512] cloud-init[942]: The key's randomart image is:
[   37.709402] cloud-init[942]: +---[DSA 1024]----+
[0;32m  OK  [0m] Reached target Cloud-config availability.
[   37.709512] cloud-init[942]: |     .oB.    ... |
[   37.876358] cloud-init[942]: |      +oo   .   +|
[   37.876776] cloud-init[942]: |       .o +  . *.|
[[0;32m  OK  [0m] Listening on LXD - unix socket.
[[   37.876976] cloud-init[942]: |      . .+ o  =.+|
[   37.997156] cloud-init[942]: |     o .S..  . *=|
[0;32m  OK  [0m] Listening on Socket activation for snappy daemon.
[   37.997287] cloud-init[942]: |      o .   . =+*|
[[   38.172303] cloud-init[942]: |         o  o+o*+|
[   38.172714] cloud-init[942]: |          oo+==..|
[0;32m  OK  [0m] Started iSCSI initiator daemon (iscsid).
[   38.173019] cloud-init[942]: |         ...oEo  |
[   38.316535] cloud-init[942]: +----[SHA256]-----+
[   38.316942] cloud-init[942]: Generating public/private ecdsa key pair.
         Starting Login to default iSCSI targets...
[   38.317117] cloud-init[942]: Your identification has been saved in /etc/ssh/ssh_host_ecdsa_key.
[   38.465039] cloud-init[942]: Your public key has been saved in /etc/ssh/ssh_host_ecdsa_key.pub.
[[0;32m  OK  [0m] Reached target Sockets.
[[   38.465250] cloud-init[942]: The key fingerprint is:
[   38.601071] cloud-init[942]: SHA256:SB0NBYUaoPKlN4hU8hpIUJTBAg4CaigSNH057kMQpPM root@ubuntu-xenial
[0;32m  OK  [0m] Reached target Basic System.
[   38.601243] cloud-init[942]: The key's randomart image is:
[   38.740552] cloud-init[942]: +---[ECDSA 256]---+
[   38.740920] cloud-init[942]: |%O**o.. +Bo      |
         Starting LSB: Record successful boot for GRUB...
[   38.741038] cloud-init[942]: |X.O+ +.....      |
[   38.872709] cloud-init[942]: |BO..= oo.        |
[[0;32m  OK  [0m[   38.873039] ] cloud-initStarted Regular background program processing daemon.[942]: 
|=+=+ +..         |
[   38.873340] cloud-init[942]: |..+E= . S        |
[   39.016875] cloud-init[942]: |   . +           |
[   39.017283] cloud-init[942]: |      .          |
[[0;32m  OK  [0m] Started Deferred execution scheduler.
[   39.017504] cloud-init[942]: |                 |
[   39.152558] cloud-init[942]: |                 |
[   39.152966] cloud-init[942]: +----[SHA256]-----+
         Starting /etc/rc.local Compatibility...
[   39.153163] cloud-init[942]: Generating public/private ed25519 key pair.
[   39.316387] cloud-init[942]: Your identification has been saved in /etc/ssh/ssh_host_ed25519_key.
[   39.316698] cloud-init[942]: Your public key has been saved in /etc/ssh/ssh_host_ed25519_key.pub.
         Starting LSB: MD monitoring daemon...
[   39.316854] cloud-init[942]: The key fingerprint is:
[   39.572320] cloud-init[942]: SHA256:MIdFHhTU4uN4qTTqA2ft15lgCzaKvJm9vyvDOEauCi4 root@ubuntu-xenial
[   39.572586] cloud-init[942]: The key's randomart image is:
         Starting Pollinate to seed the pseudo random number generator...
[   39.572721] cloud-init[942]: +--[ED25519 256]--+
[   39.636604] cloud-init[942]: |       +Bo       |
[   39.656228] cloud-init[942]: |       +...      |
[   39.656489] cloud-init[942]: |      +.o.       |
[[0;32m  OK  [0m] Started Snappy daemon.
[   39.656686] cloud-init[942]: |       +o        |
[   39.703631] cloud-init[942]: |     . oSo       |
[   39.703917] cloud-init[942]: |  o o O *        |
         Starting Accounts Service...
[   39.704185] cloud-init[942]: |.+ B * B + o     |
[   39.738343] cloud-init[942]: |E B+B o o +      |
[   39.765066] cloud-init[942]: |=++++*++         |
[   39.765245] cloud-init[942]: +----[SHA256]-----+
         Starting System Logging Service...
         Starting Login Service...
[[0;32m  OK  [0m] Started FUSE filesystem for LXC.
[[0;32m  OK  [0m] Started D-Bus System Message Bus.
         Starting Apply the settings specified in cloud-config...
[[0;32m  OK  [0m] Started ACPI event daemon.
         Starting Auto import assertions from block devices...
         Starting LXD - container startup/shutdown...
[[0;32m  OK  [0m] Started System Logging Service.
[[0;32m  OK  [0m] Started /etc/rc.local Compatibility.
[[0;32m  OK  [0m] Started Pollinate to seed the pseudo random number generator.
[[0;32m  OK  [0m] Started Auto import assertions from block devices.
[   40.409465] cloud-init[1137]: Generating locales (this might take a while)...
[[0;32m  OK  [0m] Started LXD - container startup/shutdown.
[[0;32m  OK  [0m] Started LSB: Record successful boot for GRUB.
[[0;32m  OK  [0m] Started Login to default iSCSI targets.
[[0;32m  OK  [0m] Started LSB: MD monitoring daemon.
[[0;32m  OK  [0m] Started Login Service.
         Starting Authenticate and Authorize Users to Run Privileged Tasks...
[[0;32m  OK  [0m] Reached target Remote File Systems (Pre).
[[0;32m  OK  [0m] Reached target Remote File Systems.
         Starting LSB: automatic crash report generation...
         Starting Permit User Sessions...
         Starting LSB: VirtualBox Linux Additions...
         Starting LSB: daemon to balance interrupts for SMP systems...
         Starting LSB: Set the CPU Frequency Scaling governor to "ondemand"...
[   41.200454] cloud-init[1137]:   en_US.UTF-8... done
         Starting OpenBSD Secure Shell server...
[[0;32m  OK  [0m] Started OpenBSD Secure Shell server.
[   41.237110] [cloud-init[0;32m  OK  [0m[1137]: ] Generation complete.Started Permit User Sessions.

[[0;32m  OK  [0m] Started Authenticate and Authorize Users to Run Privileged Tasks.
[[0;32m  OK  [0m] Started Accounts Service.
         Starting Terminate Plymouth Boot Screen...
         Starting Hold until boot process finishes up...
[[0;32m  OK  [0m] Started LSB: automatic crash report generation.
[[0;32m  OK  [0m] Started LSB: VirtualBox Linux Additions.
[[0;32m  OK  [0m] Started LSB: daemon to balance interrupts for SMP systems.
[[0;32m  OK  [0m] Started LSB: Set the CPU Frequency Scaling governor to "ondemand".
[[0;32m  OK  [0m] Started Terminate Plymouth Boot Screen.
[[0;32m  OK  [0m] Started Hold until boot process finishes up.
         Stopping OpenBSD Secure Shell server...
[[0;32m  OK  [0m] Started Serial Getty on ttyS0.
[[0;32m  OK  [0m] Started Getty on tty1.
[[0;32m  OK  [0m] Reached target Login Prompts.
         Starting Set console scheme...
[[0;32m  OK  [0m] Stopped OpenBSD Secure Shell server.
[[0;32m  OK  [0m] Started Set console scheme.
         Starting OpenBSD Secure Shell server...
[[0;32m  OK  [0m] Started OpenBSD Secure Shell server.
[[0;32m  OK  [0m] Reached target Multi-User System.
[[0;32m  OK  [0m] Reached target Graphical Interface.
         Starting Update UTMP about System Runlevel Changes...
[[0;32m  OK  [0m] Created slice User Slice of ubuntu.
[[0;32m  OK  [0m] Started Update UTMP about System Runlevel Changes.
         Starting User Manager for UID 1000...
[   42.392820] [cloud-init[0;32m  OK  [0m[1137]: ] Cloud-init v. 0.7.9 running 'modules:config' at Mon, 05 Jun 2017 13:58:45 +0000. Up 40.32 seconds.Started User Manager for UID 1000.

[[0;32m  OK  [0m] Started Session 1 of user ubuntu.
[[0;32m  OK  [0m] Started Apply the settings specified in cloud-config.
         Starting Execute cloud user/final scripts...
ci-info: no authorized ssh keys fingerprints found for user ubuntu.
<14>Jun  5 13:58:48 ec2: 
<14>Jun  5 13:58:48 ec2: #############################################################
<14>Jun  5 13:58:48 ec2: -----BEGIN SSH HOST KEY FINGERPRINTS-----
<14>Jun  5 13:58:48 ec2: 1024 SHA256:tWHC0Iwchetc++w3tXJcaQ1TZ4DfvoV40Tyv8aEm2bM root@ubuntu-xenial (DSA)
<14>Jun  5 13:58:48 ec2: 256 SHA256:SB0NBYUaoPKlN4hU8hpIUJTBAg4CaigSNH057kMQpPM root@ubuntu-xenial (ECDSA)
<14>Jun  5 13:58:48 ec2: 256 SHA256:MIdFHhTU4uN4qTTqA2ft15lgCzaKvJm9vyvDOEauCi4 root@ubuntu-xenial (ED25519)
<14>Jun  5 13:58:48 ec2: 2048 SHA256:H8FbchbvP/EC2ZY/G/D1Nt7Pe1Bw467el3Nh8xUllbY root@ubuntu-xenial (RSA)
<14>Jun  5 13:58:48 ec2: -----END SSH HOST KEY FINGERPRINTS-----
<14>Jun  5 13:58:48 ec2: #############################################################
-----BEGIN SSH HOST KEY KEYS-----
ecdsa-sha2-nistp256 AAAAE2VjZHNhLXNoYTItbmlzdHAyNTYAAAAIbmlzdHAyNTYAAABBBJgzFuqkOhi4q0ynrinm1T9vWAdAdW3nViY9992sE4Q0ZmvSHvNE8r9zBX+XpbczOf/UHUTBDAGlpIvI4LandFQ= root@ubuntu-xenial
ssh-ed25519 AAAAC3NzaC1lZDI1NTE5AAAAIH4+0clOPBUsj0n6XkRQe2skhhhxFb1hauhHcULqOMAt root@ubuntu-xenial
ssh-rsa AAAAB3NzaC1yc2EAAAADAQABAAABAQCued47pE0LasR6rVuBj1GzW+dY/nCE/hXoToTVbgcY23rLZ9Vv7WIYcT1GQQpm+TBrVbYlTojM/I7XDh7uE2CPOl4Of+qVtCJv/p4cTPQ4Kwaf3+9h6zjR7RSK5W9LYfyXqzsdJVwQZ1tfYLENPHiqDY/+YqADh9YYwMiY5gjpqwIDy6VWAzQuV90pCNxlok3QArgR5bLe/OYxoGlvYMEyf6xvNfs6Gf7N1pxP3q90bM0MfCzbDoblSipbIW8a1nKtHFmalUrxbiFOp0ai4iEEMFsDh4pZmeQCa3+FrmqpF6i6fJMwaVUJJfp161E/VR9WWhQa0JMd9Gho35u/024B root@ubuntu-xenial
-----END SSH HOST KEY KEYS-----
[[0;32m  OK  [0m] Started Session 2 of user ubuntu.
[   44.133403] cloud-init[1344]: Cloud-init v. 0.7.9 running 'modules:final' at Mon, 05 Jun 2017 13:58:48 +0000. Up 43.04 seconds.
[   44.224346] [cloud-init[0;32m  OK  [0m[1344]: ] ci-info: no authorized ssh keys fingerprints found for user ubuntu.Started Execute cloud user/final scripts.

[   44.224711] cloud-init[1344]: Cloud-init v. 0.7.9 finished at Mon, 05 Jun 2017 13:58:49 +0000. Datasource DataSourceNoCloud [seed=/dev/sdb][dsmode=net].  Up 44.12 seconds
[[0;32m  OK  [0m] Reached target Cloud-init target.

Ubuntu 16.04.2 LTS ubuntu-xenial ttyS0

ubuntu-xenial login: 